******************************************************************************
         TMS320C54x COFF Linker PC Version 3.83                
******************************************************************************
>> Linked Fri Apr 22 20:29:38 2022

OUTPUT FILE NAME:   <ledtest.out>
ENTRY POINT SYMBOL: "_c_int00"  address: 000001f8


MEMORY CONFIGURATION

                  name            origin    length      used    attr    fill
         ----------------------  --------  ---------  --------  ----  --------
PAGE  0: VECS                    00000080   00000080  00000010  RWIX
         PROG                    00000100   00000f00  0000019d  RWIX

PAGE  1: DRAM_1                  00001000   00001000  00000435  RWIX
         DMA_DATA                00003000   0000c000  00000000  RWIX

PAGE  2: IO_EX                   00000000   0000fff0  00000000  RWIX
         IO_IN                   0000fff0   0000000f  00000000  RWIX


SECTION ALLOCATION MAP

 output                                  attributes/
section   page    origin      length       input sections
--------  ----  ----------  ----------   ----------------
.vectors   0    00000080    00000000     UNINITIALIZED

.cinit     0    00000080    00000010     
                  00000080    00000009     rts.lib : exit.obj (.cinit)
                  00000089    00000006             : _lock.obj (.cinit)
                  0000008f    00000001     --HOLE-- [fill = 0]

.text      0    00000100    0000019d     
                  00000100    000000f8     LED.obj (.text)
                  000001f8    0000004a     rts.lib : boot.obj (.text)
                  00000242    00000054             : exit.obj (.text)
                  00000296    00000007             : _lock.obj (.text)

stack      1    00001000    00000000     UNINITIALIZED

.data      1    00001000    00000000     UNINITIALIZED

.bss       1    00001000    00000025     UNINITIALIZED
                  00001000    00000023     rts.lib : exit.obj (.bss)
                  00001023    00000002             : _lock.obj (.bss)

.const     1    00001025    00000010     
                  00001025    00000010     LED.obj (.const)

.stack     1    00001035    00000400     UNINITIALIZED

buf        1    00003000    00000000     UNINITIALIZED


GLOBAL SYMBOLS: SORTED ALPHABETICALLY BY Name 

address    name
--------   ----
00001000   .bss
00001000   .data
00000100   .text
00000293   C$$EXIT
00000100   _InitDSP
00000400   __STACK_SIZE
00001000   ___bss__
00000080   ___cinit__
00001000   ___data__
00001000   ___edata__
00001025   ___end__
0000029d   ___etext__
ffffffff   ___pinit__
00000100   ___text__
00001021   __cleanup_ptr
00001022   __dtors_ptr
00000001   __lflags
00001023   __lock
00000296   __nop
00000297   __register_lock
0000029a   __register_unlock
00001024   __unlock
00000293   _abort
00000271   _atexit
000001f8   _c_int00
000001df   _delay
00000242   _exit
0000012e   _main
00000080   cinit
00001000   edata
00001025   end
0000029d   etext
ffffffff   pinit


GLOBAL SYMBOLS: SORTED BY Symbol Address 

address    name
--------   ----
00000001   __lflags
00000080   cinit
00000080   ___cinit__
00000100   _InitDSP
00000100   .text
00000100   ___text__
0000012e   _main
000001df   _delay
000001f8   _c_int00
00000242   _exit
00000271   _atexit
00000293   C$$EXIT
00000293   _abort
00000296   __nop
00000297   __register_lock
0000029a   __register_unlock
0000029d   ___etext__
0000029d   etext
00000400   __STACK_SIZE
00001000   edata
00001000   ___edata__
00001000   .data
00001000   .bss
00001000   ___bss__
00001000   ___data__
00001021   __cleanup_ptr
00001022   __dtors_ptr
00001023   __lock
00001024   __unlock
00001025   end
00001025   ___end__
ffffffff   pinit
ffffffff   ___pinit__

[33 symbols]
