******************************************************************************
         TMS320C54x COFF Linker PC v4.1.0                      
******************************************************************************
>> Linked Wed Mar 30 22:34:22 2022

OUTPUT FILE NAME:   <Ex4_2.out>
ENTRY POINT SYMBOL: "_c_int00"  address: 00001000


MEMORY CONFIGURATION

                  name            origin    length      used    attr    fill
         ----------------------  --------  ---------  --------  ----  --------
PAGE  0: PROG                    00001000   00000100  00000031  RWIX

PAGE  1: DATA                    00000060   00000100  00000026  RWIX


SECTION ALLOCATION MAP

 output                                  attributes/
section   page    origin      length       input sections
--------  ----  ----------  ----------   ----------------
.text      0    00001000    0000001d     
                  00001000    0000001d     Ex4_2.obj (.text)

.data      0    0000101d    00000014     
                  0000101d    00000014     Ex4_2.obj (.data)

.bss       1    00000060    00000016     UNINITIALIZED
                  00000060    00000016     Ex4_2.obj (.bss)

STACK      1    00000076    00000010     UNINITIALIZED
                  00000076    00000010     Ex4_2.obj (STACK)


GLOBAL SYMBOLS: SORTED ALPHABETICALLY BY Name 

address    name
--------   ----
00000060   .bss
0000101d   .data
00001000   .text
ffffffff   ___binit__
00000060   ___bss__
ffffffff   ___c_args__
ffffffff   ___cinit__
0000101d   ___data__
00001031   ___edata__
00000076   ___end__
0000101d   ___etext__
ffffffff   ___pinit__
00001000   ___text__
00000000   __lflags
00001000   _c_int00
ffffffff   binit
ffffffff   cinit
00001031   edata
00000076   end
0000101d   etext
ffffffff   pinit


GLOBAL SYMBOLS: SORTED BY Symbol Address 

address    name
--------   ----
00000000   __lflags
00000060   ___bss__
00000060   .bss
00000076   end
00000076   ___end__
00001000   ___text__
00001000   .text
00001000   _c_int00
0000101d   ___etext__
0000101d   etext
0000101d   ___data__
0000101d   .data
00001031   edata
00001031   ___edata__
ffffffff   pinit
ffffffff   ___binit__
ffffffff   cinit
ffffffff   ___cinit__
ffffffff   ___pinit__
ffffffff   binit
ffffffff   ___c_args__

[21 symbols]
